
Copyright (C) 1994-2018 Synopsys, Inc.
This Synopsys software and all associated documentation are proprietary to Synopsys, Inc.
and may only be used pursuant to the terms and conditions of a written license agreement
with Synopsys, Inc. All other use, reproduction, modification, or distribution of the
Synopsys software or the associated documentation is strictly prohibited.
Tool: Synplify (R) Premier
Build: O-2018.09-SP1
Install: /vol/synopsys/fpga/O-2018.09-SP1
OS: Red Hat Enterprise Linux 8.9 (Ootpa)
Hostname: joker.ece.northwestern.edu
max virtual memory: unlimited (bytes)
max user processes: 126571
max stack size: 8388608 (bytes)


Implementation : rev_2

# Written on Fri Mar  1 13:01:31 2024

##### DESIGN INFO #######################################################

Top View:                "FIR"
Constraint File(s):      (none)




##### SUMMARY ############################################################

Found 0 issues in 0 out of 0 constraints


##### DETAILS ############################################################



Clock Relationships
*******************

Starting      Ending        |     rise to rise     |     fall to fall     |     rise to fall     |     fall to rise                     
---------------------------------------------------------------------------------------------------------------------------------------
FIR|clock     FIR|clock     |     7.438            |     No paths         |     No paths         |     No paths                         
=======================================================================================================================================
 Note: 'No paths' indicates there are no paths in the design for that pair of clock edges.
       'Diff grp' indicates that paths exist but the starting clock and ending clock are in different clock groups.


Unconstrained Start/End Points
******************************

p:TAPS[0]
p:TAPS[1]
p:TAPS[2]
p:TAPS[3]
p:TAPS[4]
p:TAPS[5]
p:TAPS[6]
p:TAPS[7]
p:TAPS[8]
p:TAPS[9]
p:TAPS[10]
p:TAPS[11]
p:TAPS[12]
p:TAPS[13]
p:TAPS[14]
p:TAPS[15]
p:TAPS[16]
p:TAPS[17]
p:TAPS[18]
p:TAPS[19]
p:TAPS[20]
p:TAPS[21]
p:TAPS[22]
p:TAPS[23]
p:TAPS[24]
p:TAPS[25]
p:TAPS[26]
p:TAPS[27]
p:TAPS[28]
p:TAPS[29]
p:TAPS[30]
p:TAPS[31]
p:TAPS[32]
p:TAPS[33]
p:TAPS[34]
p:TAPS[35]
p:TAPS[36]
p:TAPS[37]
p:TAPS[38]
p:TAPS[39]
p:TAPS[40]
p:TAPS[41]
p:TAPS[42]
p:TAPS[43]
p:TAPS[44]
p:TAPS[45]
p:TAPS[46]
p:TAPS[47]
p:TAPS[48]
p:TAPS[49]
p:TAPS[50]
p:TAPS[51]
p:TAPS[52]
p:TAPS[53]
p:TAPS[54]
p:TAPS[55]
p:TAPS[56]
p:TAPS[57]
p:TAPS[58]
p:TAPS[59]
p:TAPS[60]
p:TAPS[61]
p:TAPS[62]
p:TAPS[63]
p:TAPS[64]
p:TAPS[65]
p:TAPS[66]
p:TAPS[67]
p:TAPS[68]
p:TAPS[69]
p:TAPS[70]
p:TAPS[71]
p:TAPS[72]
p:TAPS[73]
p:TAPS[74]
p:TAPS[75]
p:TAPS[76]
p:TAPS[77]
p:TAPS[78]
p:TAPS[79]
p:TAPS[80]
p:TAPS[81]
p:TAPS[82]
p:TAPS[83]
p:TAPS[84]
p:TAPS[85]
p:TAPS[86]
p:TAPS[87]
p:TAPS[88]
p:TAPS[89]
p:TAPS[90]
p:TAPS[91]
p:TAPS[92]
p:TAPS[93]
p:TAPS[94]
p:TAPS[95]
p:TAPS[96]
p:TAPS[97]
p:TAPS[98]
p:TAPS[99]
p:TAPS[100]
p:TAPS[101]
p:TAPS[102]
p:TAPS[103]
p:TAPS[104]
p:TAPS[105]
p:TAPS[106]
p:TAPS[107]
p:TAPS[108]
p:TAPS[109]
p:TAPS[110]
p:TAPS[111]
p:TAPS[112]
p:TAPS[113]
p:TAPS[114]
p:TAPS[115]
p:TAPS[116]
p:TAPS[117]
p:TAPS[118]
p:TAPS[119]
p:TAPS[120]
p:TAPS[121]
p:TAPS[122]
p:TAPS[123]
p:TAPS[124]
p:TAPS[125]
p:TAPS[126]
p:TAPS[127]
p:TAPS[128]
p:TAPS[129]
p:TAPS[130]
p:TAPS[131]
p:TAPS[132]
p:TAPS[133]
p:TAPS[134]
p:TAPS[135]
p:TAPS[136]
p:TAPS[137]
p:TAPS[138]
p:TAPS[139]
p:TAPS[140]
p:TAPS[141]
p:TAPS[142]
p:TAPS[143]
p:TAPS[144]
p:TAPS[145]
p:TAPS[146]
p:TAPS[147]
p:TAPS[148]
p:TAPS[149]
p:TAPS[150]
p:TAPS[151]
p:TAPS[152]
p:TAPS[153]
p:TAPS[154]
p:TAPS[155]
p:TAPS[156]
p:TAPS[157]
p:TAPS[158]
p:TAPS[159]
p:TAPS[160]
p:TAPS[161]
p:TAPS[162]
p:TAPS[163]
p:TAPS[164]
p:TAPS[165]
p:TAPS[166]
p:TAPS[167]
p:TAPS[168]
p:TAPS[169]
p:TAPS[170]
p:TAPS[171]
p:TAPS[172]
p:TAPS[173]
p:TAPS[174]
p:TAPS[175]
p:TAPS[176]
p:TAPS[177]
p:TAPS[178]
p:TAPS[179]
p:TAPS[180]
p:TAPS[181]
p:TAPS[182]
p:TAPS[183]
p:TAPS[184]
p:TAPS[185]
p:TAPS[186]
p:TAPS[187]
p:TAPS[188]
p:TAPS[189]
p:TAPS[190]
p:TAPS[191]
p:TAPS[192]
p:TAPS[193]
p:TAPS[194]
p:TAPS[195]
p:TAPS[196]
p:TAPS[197]
p:TAPS[198]
p:TAPS[199]
p:TAPS[200]
p:TAPS[201]
p:TAPS[202]
p:TAPS[203]
p:TAPS[204]
p:TAPS[205]
p:TAPS[206]
p:TAPS[207]
p:TAPS[208]
p:TAPS[209]
p:TAPS[210]
p:TAPS[211]
p:TAPS[212]
p:TAPS[213]
p:TAPS[214]
p:TAPS[215]
p:TAPS[216]
p:TAPS[217]
p:TAPS[218]
p:TAPS[219]
p:TAPS[220]
p:TAPS[221]
p:TAPS[222]
p:TAPS[223]
p:TAPS[224]
p:TAPS[225]
p:TAPS[226]
p:TAPS[227]
p:TAPS[228]
p:TAPS[229]
p:TAPS[230]
p:TAPS[231]
p:TAPS[232]
p:TAPS[233]
p:TAPS[234]
p:TAPS[235]
p:TAPS[236]
p:TAPS[237]
p:TAPS[238]
p:TAPS[239]
p:TAPS[240]
p:TAPS[241]
p:TAPS[242]
p:TAPS[243]
p:TAPS[244]
p:TAPS[245]
p:TAPS[246]
p:TAPS[247]
p:TAPS[248]
p:TAPS[249]
p:TAPS[250]
p:TAPS[251]
p:TAPS[252]
p:TAPS[253]
p:TAPS[254]
p:TAPS[255]
p:done
p:dotProd[0]
p:dotProd[1]
p:dotProd[2]
p:dotProd[3]
p:dotProd[4]
p:dotProd[5]
p:dotProd[6]
p:dotProd[7]
p:dotProd[8]
p:dotProd[9]
p:dotProd[10]
p:dotProd[11]
p:dotProd[12]
p:dotProd[13]
p:dotProd[14]
p:dotProd[15]
p:dotProd[16]
p:dotProd[17]
p:dotProd[18]
p:dotProd[19]
p:dotProd[20]
p:dotProd[21]
p:dotProd[22]
p:dotProd[23]
p:dotProd[24]
p:dotProd[25]
p:dotProd[26]
p:dotProd[27]
p:dotProd[28]
p:dotProd[29]
p:dotProd[30]
p:dotProd[31]
p:in_rd_en
p:newDataAvailible
p:newData[0]
p:newData[1]
p:newData[2]
p:newData[3]
p:newData[4]
p:newData[5]
p:newData[6]
p:newData[7]
p:newData[8]
p:newData[9]
p:newData[10]
p:newData[11]
p:newData[12]
p:newData[13]
p:newData[14]
p:newData[15]
p:newData[16]
p:newData[17]
p:newData[18]
p:newData[19]
p:newData[20]
p:newData[21]
p:newData[22]
p:newData[23]
p:newData[24]
p:newData[25]
p:newData[26]
p:newData[27]
p:newData[28]
p:newData[29]
p:newData[30]
p:newData[31]
p:reset


Inapplicable constraints
************************

(none)


Applicable constraints with issues
**********************************

(none)


Constraints with matching wildcard expressions
**********************************************

(none)


Library Report
**************


# End of Constraint Checker Report
